---
source: crates/lib/tests/mod.rs
expression: parse_search_query(input)
input_file: crates/lib/tests/inputs/2.sql
---
Ok(
    (
        "",
        SearchQuery {
            expression: OrExpression(
                [
                    AndExpression(
                        [
                            Atom(
                                Compare(
                                    Value(
                                        None,
                                        Contain,
                                        "uv",
                                    ),
                                ),
                            ),
                            Atom(
                                Compare(
                                    Key(
                                        Contain,
                                        "foobar",
                                    ),
                                ),
                            ),
                        ],
                    ),
                    AndExpression(
                        [
                            Atom(
                                Compare(
                                    Topic(
                                        Equal,
                                        "french-recipes",
                                    ),
                                ),
                            ),
                            Not(
                                Parenthesis(
                                    OrTerm(
                                        AndTerm(
                                            Atom(
                                                Compare(
                                                    Partition(
                                                        NotEqual,
                                                        1,
                                                    ),
                                                ),
                                            ),
                                        ),
                                    ),
                                ),
                            ),
                        ],
                    ),
                ],
            ),
            limit: Some(
                100,
            ),
            from: Some(
                OffsetTail(
                    5000,
                ),
            ),
            order_by: OrderBy {
                order: Timestamp,
                keyword: Asc,
            },
        },
    ),
)
